<html>
<body>
<pre>
<h1>µVision Build Log</h1>
<h2>Tool Versions:</h2>
IDE-Version: µVision V5.24.2.0
Copyright (C) 2017 ARM Ltd and ARM Germany GmbH. All rights reserved.
License Information: Walid BAITAR, EMSE, LIC=----
 
Tool Versions:
Toolchain:       MDK-Lite  Version: 5.24.1
Toolchain Path:  C:\Keil_v5\ARM\ARMCC\Bin
C Compiler:      Armcc.exe V5.06 update 5 (build 528)
Assembler:       Armasm.exe V5.06 update 5 (build 528)
Linker/Locator:  ArmLink.exe V5.06 update 5 (build 528)
Library Manager: ArmAr.exe V5.06 update 5 (build 528)
Hex Converter:   FromElf.exe V5.06 update 5 (build 528)
CPU DLL:         SARMCM3.DLL V5.24.1
Dialog DLL:      DCM.DLL V1.16.0.0
Target DLL:      UL2CM3.DLL V1.160.3.0
Dialog DLL:      TCM.DLL V1.32.0.0
 
<h2>Project:</h2>
D:\WALID\EMSE ETUDES\SEMESTRE 9 2023\RTK_FreeRTOS\TP_cube6_freeRTOS_u5\Projet_Traffic\MDK-ARM\Projet Traffic.uvprojx
Project File Date:  09/16/2025

<h2>Output:</h2>
*** Using Compiler 'V5.06 update 5 (build 528)', folder: 'C:\Keil_v5\ARM\ARMCC\Bin'
Rebuild target 'Projet Traffic'
assembling startup_stm32f103xb.s...
compiling system_stm32f1xx.c...
compiling stm32f1xx_hal_timebase_TIM.c...
compiling basic_io.c...
compiling gpio.c...
compiling LCD_4bit.c...
compiling freertos.c...
compiling Traffic8.c...
..\Src\Traffic8.c(322): warning:  #188-D: enumerated type mixed with another type
  				HAL_GPIO_WritePin(
PIOB,
..\Src\Traffic8.c(323): warning:  #188-D: enumerated type mixed with another type
  				HAL_GPIO_WritePin(
PIOB, 
..\Src\Traffic8.c(332): warning:  #188-D: enumerated type mixed with another type
  				 HAL_GPIO_WritePin(
PIOB,
..\Src\Traffic8.c(333): warning:  #188-D: enumerated type mixed with another type
  				 HAL_GPIO_WritePin(
PIOB,
..\Src\Traffic8.c(340): warning:  #188-D: enumerated type mixed with another type
  				HAL_GPIO_WritePin(
PIOB, 
..\Src\Traffic8.c(341): warning:  #188-D: enumerated type mixed with another type
  				HAL_GPIO_WritePin (
PIOB, 
..\Src\Traffic8.c(348): warning:  #188-D: enumerated type mixed with another type
  				HAL_GPIO_WritePin (
PIOB, 
..\Src\Traffic8.c(349): warning:  #188-D: enumerated type mixed with another type
  				HAL_GPIO_WritePin (
PIOB, 
..\Src\Traffic8.c(358): warning:  #188-D: enumerated type mixed with another type
  				HAL_GPIO_WritePin (
PIOB, 
..\Src\Traffic8.c(359): warning:  #188-D: enumerated type mixed with another type
  				HAL_GPIO_WritePin(
PIOB, 
..\Src\Traffic8.c(366): warning:  #188-D: enumerated type mixed with another type
  				HAL_GPIO_WritePin (
PIOB, 
..\Src\Traffic8.c(367): warning:  #188-D: enumerated type mixed with another type
  				HAL_GPIO_WritePin (
PIOB, 
..\Src\Traffic8.c(375): warning:  #188-D: enumerated type mixed with another type
  		HAL_GPIO_WritePin (
PIOB, 
..\Src\Traffic8.c(395): warning:  #188-D: enumerated type mixed with another type
  				HAL_GPIO_WritePin(
PIOB,
..\Src\Traffic8.c(396): warning:  #188-D: enumerated type mixed with another type
  				HAL_GPIO_WritePin(
PIOB, 
..\Src\Traffic8.c(402): warning:  #188-D: enumerated type mixed with another type
  				 HAL_GPIO_WritePin(
PIOB,
..\Src\Traffic8.c(403): warning:  #188-D: enumerated type mixed with another type
  				 HAL_GPIO_WritePin(
PIOB,
..\Src\Traffic8.c(409): warning:  #188-D: enumerated type mixed with another type
  				HAL_GPIO_WritePin(
PIOB, 
..\Src\Traffic8.c(410): warning:  #188-D: enumerated type mixed with another type
  				HAL_GPIO_WritePin (
PIOB, 
..\Src\Traffic8.c(416): warning:  #188-D: enumerated type mixed with another type
  				HAL_GPIO_WritePin (
PIOB, 
..\Src\Traffic8.c(417): warning:  #188-D: enumerated type mixed with another type
  				HAL_GPIO_WritePin (
PIOB, 
..\Src\Traffic8.c(423): warning:  #188-D: enumerated type mixed with another type
  				HAL_GPIO_WritePin (
PIOB, 
..\Src\Traffic8.c(424): warning:  #188-D: enumerated type mixed with another type
  				HAL_GPIO_WritePin(
PIOB, 
..\Src\Traffic8.c(430): warning:  #188-D: enumerated type mixed with another type
  				HAL_GPIO_WritePin (
PIOB, 
..\Src\Traffic8.c(431): warning:  #188-D: enumerated type mixed with another type
  				HAL_GPIO_WritePin (
PIOB, 
..\Src\Traffic8.c(439): warning:  #188-D: enumerated type mixed with another type
  		HAL_GPIO_WritePin (
PIOB, 
..\Src\Traffic8.c(458): warning:  #188-D: enumerated type mixed with another type
  				HAL_GPIO_WritePin(
PIOB,
..\Src\Traffic8.c(459): warning:  #188-D: enumerated type mixed with another type
  				HAL_GPIO_WritePin(
PIOB, 
..\Src\Traffic8.c(468): warning:  #188-D: enumerated type mixed with another type
  				 HAL_GPIO_WritePin(
PIOB,
..\Src\Traffic8.c(469): warning:  #188-D: enumerated type mixed with another type
  				 HAL_GPIO_WritePin(
PIOB,
..\Src\Traffic8.c(476): warning:  #188-D: enumerated type mixed with another type
  				HAL_GPIO_WritePin(
PIOB, 
..\Src\Traffic8.c(477): warning:  #188-D: enumerated type mixed with another type
  				HAL_GPIO_WritePin (
PIOB, 
..\Src\Traffic8.c(484): warning:  #188-D: enumerated type mixed with another type
  				HAL_GPIO_WritePin (
PIOB, 
..\Src\Traffic8.c(485): warning:  #188-D: enumerated type mixed with another type
  				HAL_GPIO_WritePin (
PIOB, 
..\Src\Traffic8.c(494): warning:  #188-D: enumerated type mixed with another type
  				HAL_GPIO_WritePin (
PIOB, 
..\Src\Traffic8.c(495): warning:  #188-D: enumerated type mixed with another type
  				HAL_GPIO_WritePin(
PIOB, 
..\Src\Traffic8.c(502): warning:  #188-D: enumerated type mixed with another type
  				HAL_GPIO_WritePin (
PIOB, 
..\Src\Traffic8.c(503): warning:  #188-D: enumerated type mixed with another type
  				HAL_GPIO_WritePin (
PIOB, 
..\Src\Traffic8.c(511): warning:  #188-D: enumerated type mixed with another type
  		HAL_GPIO_WritePin (
PIOB, 
..\Src\Traffic8.c: 39 warnings, 0 errors
compiling stm32f1xx_it.c...
compiling stm32f1xx_hal_timebase_tim.c...
compiling adc.c...
compiling usart.c...
compiling stm32f1xx_hal_msp.c...
compiling tim.c...
compiling stm32f1xx_hal_gpio_ex.c...
compiling stm32f1xx_hal_rcc_ex.c...
compiling stm32f1xx_hal.c...
compiling stm32f1xx_hal_rcc.c...
compiling stm32f1xx_hal_adc.c...
compiling stm32f1xx_hal_dma.c...
compiling stm32f1xx_hal_gpio.c...
compiling stm32f1xx_hal_adc_ex.c...
compiling stm32f1xx_hal_cortex.c...
compiling stm32f1xx_hal_flash_ex.c...
compiling stm32f1xx_hal_flash.c...
compiling croutine.c...
compiling stm32f1xx_hal_pwr.c...
compiling list.c...
compiling event_groups.c...
compiling stm32f1xx_hal_tim_ex.c...
compiling stm32f1xx_hal_exti.c...
compiling queue.c...
compiling timers.c...
compiling stm32f1xx_hal_tim.c...
compiling stream_buffer.c...
compiling heap_4.c...
compiling tasks.c...
compiling cmsis_os.c...
compiling port.c...
compiling stm32f1xx_hal_uart.c...
linking...
Projet Traffic\Projet Traffic.axf: Warning: L6304W: Duplicate input file projet traffic\stm32f1xx_hal_timebase_tim_1.o ignored.
Program Size: Code=20364 RO-data=472 RW-data=184 ZI-data=5248  
Finished: 0 information, 1 warning and 0 error messages.
"Projet Traffic\Projet Traffic.axf" - 0 Error(s), 40 Warning(s).

<h2>Software Packages used:</h2>

Package Vendor: ARM
                http://www.keil.com/pack/ARM.CMSIS.5.0.1.pack
                ARM.CMSIS.5.0.1
                CMSIS (Cortex Microcontroller Software Interface Standard)
   * Component: CORE Version: 5.0.1

Package Vendor: Keil
                https://www.keil.com/pack/Keil.STM32F1xx_DFP.2.4.1.pack
                Keil.STM32F1xx_DFP.2.4.1
                STMicroelectronics STM32F1 Series Device Support, Drivers and Examples

<h2>Collection of Component include folders:</h2>
  .\RTE\_Projet_Traffic
  C:\Keil_v5\ARM\PACK\ARM\CMSIS\5.0.1\CMSIS\Include
  C:\Keil_v5\ARM\PACK\Keil\STM32F1xx_DFP\2.4.1\Device\Include

<h2>Collection of Component Files used:</h2>

   * Component: ARM::CMSIS:CORE:5.0.1
Build Time Elapsed:  00:00:13
</pre>
</body>
</html>
