<html>
<body>
<pre>
<h1>µVision Build Log</h1>
<h2>Tool Versions:</h2>
IDE-Version: µVision V5.24.2.0
Copyright (C) 2017 ARM Ltd and ARM Germany GmbH. All rights reserved.
License Information: Walid BAITAR, EMSE, LIC=----
 
Tool Versions:
Toolchain:       MDK-Lite  Version: 5.24.1
Toolchain Path:  C:\Keil_v5\ARM\ARMCC\Bin
C Compiler:      Armcc.exe V5.06 update 5 (build 528)
Assembler:       Armasm.exe V5.06 update 5 (build 528)
Linker/Locator:  ArmLink.exe V5.06 update 5 (build 528)
Library Manager: ArmAr.exe V5.06 update 5 (build 528)
Hex Converter:   FromElf.exe V5.06 update 5 (build 528)
CPU DLL:         SARMCM3.DLL V5.24.1
Dialog DLL:      DCM.DLL V1.16.0.0
Target DLL:      UL2CM3.DLL V1.160.3.0
Dialog DLL:      TCM.DLL V1.32.0.0
 
<h2>Project:</h2>
D:\WALID\EMSE ETUDES\SEMESTRE 9 2023\RTK_FreeRTOS\TP_cube6_freeRTOS_u5\Projet Traffic\MDK-ARM\Projet Traffic.uvprojx
Project File Date:  11/11/2023

<h2>Output:</h2>
*** Using Compiler 'V5.06 update 5 (build 528)', folder: 'C:\Keil_v5\ARM\ARMCC\Bin'
Build target 'Projet Traffic'
compiling Traffic8.c...
..\Src\Traffic8.c(319): warning:  #188-D: enumerated type mixed with another type
  				HAL_GPIO_WritePin(
PIOB,
..\Src\Traffic8.c(320): warning:  #188-D: enumerated type mixed with another type
  				HAL_GPIO_WritePin(
PIOB, 
..\Src\Traffic8.c(329): warning:  #188-D: enumerated type mixed with another type
  				 HAL_GPIO_WritePin(
PIOB,
..\Src\Traffic8.c(330): warning:  #188-D: enumerated type mixed with another type
  				 HAL_GPIO_WritePin(
PIOB,
..\Src\Traffic8.c(337): warning:  #188-D: enumerated type mixed with another type
  				HAL_GPIO_WritePin(
PIOB, 
..\Src\Traffic8.c(338): warning:  #188-D: enumerated type mixed with another type
  				HAL_GPIO_WritePin (
PIOB, 
..\Src\Traffic8.c(345): warning:  #188-D: enumerated type mixed with another type
  				HAL_GPIO_WritePin (
PIOB, 
..\Src\Traffic8.c(346): warning:  #188-D: enumerated type mixed with another type
  				HAL_GPIO_WritePin (
PIOB, 
..\Src\Traffic8.c(355): warning:  #188-D: enumerated type mixed with another type
  				HAL_GPIO_WritePin (
PIOB, 
..\Src\Traffic8.c(356): warning:  #188-D: enumerated type mixed with another type
  				HAL_GPIO_WritePin(
PIOB, 
..\Src\Traffic8.c(363): warning:  #188-D: enumerated type mixed with another type
  				HAL_GPIO_WritePin (
PIOB, 
..\Src\Traffic8.c(364): warning:  #188-D: enumerated type mixed with another type
  				HAL_GPIO_WritePin (
PIOB, 
..\Src\Traffic8.c(372): warning:  #188-D: enumerated type mixed with another type
  		HAL_GPIO_WritePin (
PIOB, 
..\Src\Traffic8.c(392): warning:  #188-D: enumerated type mixed with another type
  				HAL_GPIO_WritePin(
PIOB,
..\Src\Traffic8.c(393): warning:  #188-D: enumerated type mixed with another type
  				HAL_GPIO_WritePin(
PIOB, 
..\Src\Traffic8.c(399): warning:  #188-D: enumerated type mixed with another type
  				 HAL_GPIO_WritePin(
PIOB,
..\Src\Traffic8.c(400): warning:  #188-D: enumerated type mixed with another type
  				 HAL_GPIO_WritePin(
PIOB,
..\Src\Traffic8.c(406): warning:  #188-D: enumerated type mixed with another type
  				HAL_GPIO_WritePin(
PIOB, 
..\Src\Traffic8.c(407): warning:  #188-D: enumerated type mixed with another type
  				HAL_GPIO_WritePin (
PIOB, 
..\Src\Traffic8.c(413): warning:  #188-D: enumerated type mixed with another type
  				HAL_GPIO_WritePin (
PIOB, 
..\Src\Traffic8.c(414): warning:  #188-D: enumerated type mixed with another type
  				HAL_GPIO_WritePin (
PIOB, 
..\Src\Traffic8.c(420): warning:  #188-D: enumerated type mixed with another type
  				HAL_GPIO_WritePin (
PIOB, 
..\Src\Traffic8.c(421): warning:  #188-D: enumerated type mixed with another type
  				HAL_GPIO_WritePin(
PIOB, 
..\Src\Traffic8.c(427): warning:  #188-D: enumerated type mixed with another type
  				HAL_GPIO_WritePin (
PIOB, 
..\Src\Traffic8.c(428): warning:  #188-D: enumerated type mixed with another type
  				HAL_GPIO_WritePin (
PIOB, 
..\Src\Traffic8.c(436): warning:  #188-D: enumerated type mixed with another type
  		HAL_GPIO_WritePin (
PIOB, 
..\Src\Traffic8.c: 26 warnings, 0 errors
linking...
Projet Traffic\Projet Traffic.axf: Warning: L6304W: Duplicate input file projet traffic\stm32f1xx_hal_timebase_tim_1.o ignored.
Program Size: Code=20556 RO-data=472 RW-data=184 ZI-data=5248  
Finished: 0 information, 1 warning and 0 error messages.
"Projet Traffic\Projet Traffic.axf" - 0 Error(s), 27 Warning(s).

<h2>Software Packages used:</h2>

Package Vendor: ARM
                http://www.keil.com/pack/ARM.CMSIS.5.0.1.pack
                ARM.CMSIS.5.0.1
                CMSIS (Cortex Microcontroller Software Interface Standard)
   * Component: CORE Version: 5.0.1

Package Vendor: Keil
                https://www.keil.com/pack/Keil.STM32F1xx_DFP.2.4.1.pack
                Keil.STM32F1xx_DFP.2.4.1
                STMicroelectronics STM32F1 Series Device Support, Drivers and Examples

<h2>Collection of Component include folders:</h2>
  .\RTE\_Projet_Traffic
  C:\Keil_v5\ARM\PACK\ARM\CMSIS\5.0.1\CMSIS\Include
  C:\Keil_v5\ARM\PACK\Keil\STM32F1xx_DFP\2.4.1\Device\Include

<h2>Collection of Component Files used:</h2>

   * Component: ARM::CMSIS:CORE:5.0.1
Build Time Elapsed:  00:00:02
</pre>
</body>
</html>
